SQL> HOST LS

SQL> HOST ls

SQL> SELECT A
  2  FROM ASIGNATURA NATURAL JOIN AREA
  3  WHERE AR='A'*;
WHERE AR='A'*
            *
ERROR at line 3:
ORA-00936: missing expression 


SQL> SELECT A
  2  FROM ASIGNATURA NATURAL JOIN AREA
  3  SELECT A
  4  
SQL> SELECT A
  2  FROM ASIGNATURA NATURAL JOIN AREA
  3  WHERE AR='A';

no rows selected

SQL> SQRT(POW(2,5))
SP2-0734: unknown command beginning "SQRT(POW(2..." - rest of line ignored.
SQL> SYSDATE
SP2-0042: unknown command "SYSDATE" - rest of line ignored.
SQL> 
SQL> SYSDATE
SP2-0042: unknown command "SYSDATE" - rest of line ignored.
SQL> SELECT *
  2  FROM DUAL
  3  WHERE (SYSDATE);
WHERE (SYSDATE)
              *
ERROR at line 3:
ORA-00920: invalid relational operator 


SQL> (SYSDATE)
  2  ;
(SYSDATE)
 *
ERROR at line 1:
ORA-00928: missing SELECT keyword 


SQL> SELECT (SYSDATE - (DATE "1996-09-15"))
  2  FROM DUAL;
SELECT (SYSDATE - (DATE "1996-09-15"))
                   *
ERROR at line 1:
ORA-00936: missing expression 


SQL> SELECT (SYSDATE - (DATE "1996-09-15"))
  2  ;
SELECT (SYSDATE - (DATE "1996-09-15"))
                   *
ERROR at line 1:
ORA-00936: missing expression 


SQL> SELECT (SYSDATE - (DATE '1996-09-15'))
  2  FROM DUAL;

(SYSDATE-(DATE'1996-09-15'))                                                                                                                          
----------------------------                                                                                                                          
                  8096.51438                                                                                                                          

SQL> SELECT A
  2  FROM ASIGNATURA NATURAL JOIN AREA
  3  WHERE AR='A%';

no rows selected

SQL> SELECT A
  2  FROM ASIGNATURA NATURAL JOIN AREA
  3  WHERE AR='A'%;
WHERE AR='A'%
            *
ERROR at line 3:
ORA-00911: invalid character 


SQL> SELECT A
  2  FROM ASIGNATURA NATURAL JOIN AREA
  3  WHERE AR LIKE 'A'%;
WHERE AR LIKE 'A'%
                 *
ERROR at line 3:
ORA-00911: invalid character 


SQL> SELECT A
  2  FROM ASIGNATURA NATURAL JOIN AREA
  3  WHERE AR LIKE 'A%';

A                                                                                                                                                     
--------------------------------------------------                                                                                                    
ALGEBRA                                                                                                                                               
ANALISIS COMPLEJO                                                                                                                                     
ASTRONOMIA                                                                                                                                            

SQL> SELECT A
  2  FROM ASIGNATURA NATURAL JOIN AREA
  3  WHERE AR LIKE '%A';

A                                                                                                                                                     
--------------------------------------------------                                                                                                    
ALGEBRA                                                                                                                                               
ASTRONOMIA                                                                                                                                            
ENSENANZA DE LA MATEMATICA                                                                                                                            
OPTIMIZACION                                                                                                                                          
CALCULO                                                                                                                                               

SQL> SELECT A
  2  FROM ASIGNATURA
  3  WHERE A LIKE '%DATOS%';

A                                                                                                                                                     
--------------------------------------------------                                                                                                    
BASES DE DATOS                                                                                                                                        
ALMACENES DE DATOS                                                                                                                                    
MINERIA DE DATOS                                                                                                                                      

SQL> SELECT DISTINCT(DNI)
  2  FROM PLAN_DOCENTE
  3  
SQL> 
SQL> SELECT DISTINCT(DNI)
  2  FROM PROFESOR
  3  WHERE P LIKE '___R%';

       DNI                                                                                                                                            
----------                                                                                                                                            
      3333                                                                                                                                            

SQL> SELECT DISTINCT(DNI)
  2  FROM PROFESOR
  3  WHERE P LIKE '__R%';

       DNI                                                                                                                                            
----------                                                                                                                                            
      2222                                                                                                                                            
      4444                                                                                                                                            
      6666                                                                                                                                            
      7777                                                                                                                                            

SQL> SELECT DISTINCT(DNI)
  2  FROM PROFESOR
  3  WHERE P LIKE '_____';

       DNI                                                                                                                                            
----------                                                                                                                                            
      3333                                                                                                                                            
      4444                                                                                                                                            
      7777                                                                                                                                            
      1010                                                                                                                                            

SQL> WHERE P LIKE '_____%';
SP2-0734: unknown command beginning "WHERE P LI..." - rest of line ignored.
SQL> SELECT DISTINCT(DNI)
  2  FROM PROFESOR
  3  WHERE P LIKE '_____%';

       DNI                                                                                                                                            
----------                                                                                                                                            
      2222                                                                                                                                            
      3333                                                                                                                                            
      4444                                                                                                                                            
      6666                                                                                                                                            
      7777                                                                                                                                            
      8888                                                                                                                                            
      9999                                                                                                                                            
      1010                                                                                                                                            
      2020                                                                                                                                            
      3030                                                                                                                                            

10 rows selected.

SQL> SELECT DISTINCT(DNI)
  2  FROM PROFESOR
  3  WHERE P LIKE '[_____]';

no rows selected

SQL> SELECT DISTINCT(DNI)
  2  FROM PROFESOR
  3  WHERE P NOT LIKE '%_____%';

       DNI                                                                                                                                            
----------                                                                                                                                            
      1111                                                                                                                                            
      5555                                                                                                                                            

SQL> SELECT DISTINCT(DNI)
  2  FROM PROFESOR
  3  WHERE P NOT LIKE '_____%';

       DNI                                                                                                                                            
----------                                                                                                                                            
      1111                                                                                                                                            
      5555                                                                                                                                            

SQL> SELECT DISTINCT(DNI)
  2  FROM PROFESOR
  3  WHERE P NOT LIKE '______%';

       DNI                                                                                                                                            
----------                                                                                                                                            
      1111                                                                                                                                            
      3333                                                                                                                                            
      4444                                                                                                                                            
      5555                                                                                                                                            
      7777                                                                                                                                            
      1010                                                                                                                                            

6 rows selected.

SQL> SELECT DISTINCT(DNI)
  2  FROM PROFESOR
  3  WHERE P LIKE '_____%';

       DNI                                                                                                                                            
----------                                                                                                                                            
      2222                                                                                                                                            
      3333                                                                                                                                            
      4444                                                                                                                                            
      6666                                                                                                                                            
      7777                                                                                                                                            
      8888                                                                                                                                            
      9999                                                                                                                                            
      1010                                                                                                                                            
      2020                                                                                                                                            
      3030                                                                                                                                            

10 rows selected.

SQL> SELECT P
  2  FROM PROFESOR NATURAL JOIN PLAN
  3  WHERE
  4  
SQL> SELECT DISTINCT(P)
  2  FROM PROFESOR NATURAL JOIN PLAN
  3  WHERE FF=NULL;
FROM PROFESOR NATURAL JOIN PLAN
                           *
ERROR at line 2:
ORA-00942: table or view does not exist 


SQL> WHERE
SP2-0042: unknown command "WHERE" - rest of line ignored.
SQL> SELECT DISTINCT(P)
  2  FROM PROFESOR NATURAL JOIN PLAN
  3  WHERE FF='NULL';
FROM PROFESOR NATURAL JOIN PLAN
                           *
ERROR at line 2:
ORA-00942: table or view does not exist 


SQL> SELECT DISTINCT(P)
  2  FROM PROFESOR NATURAL JOIN PLAN_DOCENTE
  3  WHERE FF='NULL';
WHERE FF='NULL'
         *
ERROR at line 3:
ORA-01858: a non-numeric character was found where a numeric was expected 


SQL> SELECT DISTINCT(P)
  2  FROM PROFESOR NATURAL JOIN PLAN_DOCENTE
  3  WHERE FF=NULL;

no rows selected

SQL> SELECT DISTINCT(P)
  2  FROM PROFESOR NATURAL JOIN PLAN_DOCENTE
  3  WHERE FF IS NULL;

P                                                                                                                                                     
------------------------------------------------------------                                                                                          
MARIO                                                                                                                                                 
JUAN                                                                                                                                                  
PEDRO                                                                                                                                                 
FRANCISCO                                                                                                                                             
SOLEDAD                                                                                                                                               
DAVID                                                                                                                                                 
CARLOS                                                                                                                                                
IVAN                                                                                                                                                  
MARIA                                                                                                                                                 
JOSE MANUEL                                                                                                                                           
ANGELA                                                                                                                                                

11 rows selected.

SQL> SELECT DISTINCT(P)
  2  FROM PROFESOR NATURAL JOIN PLAN_DOCENTE
  3  WHERE (CAS=8) AND (FI IS NOT NULL);

P                                                                                                                                                     
------------------------------------------------------------                                                                                          
JUAN                                                                                                                                                  
JOSE MANUEL                                                                                                                                           

SQL> SELECT *
  2  FROM PLAN_DOCENTE
  3  ORDER BY FF;

       DNI        CAS        CTA        CPA        CLA FI        FF                                                                                   
---------- ---------- ---------- ---------- ---------- --------- ---------                                                                            
      2222          3        1.5          0        1.5 01-SEP-06 31-AUG-07                                                                            
      1010          2        1.5        1.5          3 01-SEP-05 31-AUG-08                                                                            
      1010          9          3          0          3 01-SEP-08 31-AUG-09                                                                            
      1111          8          3        1.5        1.5 01-SEP-07 31-AUG-09                                                                            
      4444          4        1.5          0        1.5 01-SEP-08 31-AUG-10                                                                            
      6666         10          3        1.5        1.5 01-SEP-08 31-AUG-11                                                                            
      1010          9        1.5          0        1.5 01-SEP-09                                                                                      
      9999          7          3          3          0 01-SEP-10                                                                                      
      5555          6          3          3          0 31-MAR-10                                                                                      
      8888         11          6          0          0 01-SEP-09                                                                                      
      2020          3        1.5          0        1.5 01-SEP-08                                                                                      
      7777         12        4.5          3          0 01-SEP-10                                                                                      
      2222          4        1.5          0        1.5 01-SEP-09                                                                                      
      3030          8          0        1.5        1.5 01-SEP-09                                                                                      
      1111          8          3          0          0 01-SEP-09                                                                                      
      4444          5          3          0          0 01-SEP-10                                                                                      
      4444          1          3        1.5        1.5 01-SEP-11                                                                                      
      3333          9        1.5          0        1.5 01-SEP-09                                                                                      
      3333          2        1.5        1.5          3 01-SEP-08                                                                                      

19 rows selected.

SQL> SELECT *
  2  FROM PLAN_DOCENTE
  3  ORDER BY FF ASC;

       DNI        CAS        CTA        CPA        CLA FI        FF                                                                                   
---------- ---------- ---------- ---------- ---------- --------- ---------                                                                            
      2222          3        1.5          0        1.5 01-SEP-06 31-AUG-07                                                                            
      1010          2        1.5        1.5          3 01-SEP-05 31-AUG-08                                                                            
      1010          9          3          0          3 01-SEP-08 31-AUG-09                                                                            
      1111          8          3        1.5        1.5 01-SEP-07 31-AUG-09                                                                            
      4444          4        1.5          0        1.5 01-SEP-08 31-AUG-10                                                                            
      6666         10          3        1.5        1.5 01-SEP-08 31-AUG-11                                                                            
      1010          9        1.5          0        1.5 01-SEP-09                                                                                      
      9999          7          3          3          0 01-SEP-10                                                                                      
      5555          6          3          3          0 31-MAR-10                                                                                      
      8888         11          6          0          0 01-SEP-09                                                                                      
      2020          3        1.5          0        1.5 01-SEP-08                                                                                      
      7777         12        4.5          3          0 01-SEP-10                                                                                      
      2222          4        1.5          0        1.5 01-SEP-09                                                                                      
      3030          8          0        1.5        1.5 01-SEP-09                                                                                      
      1111          8          3          0          0 01-SEP-09                                                                                      
      4444          5          3          0          0 01-SEP-10                                                                                      
      4444          1          3        1.5        1.5 01-SEP-11                                                                                      
      3333          9        1.5          0        1.5 01-SEP-09                                                                                      
      3333          2        1.5        1.5          3 01-SEP-08                                                                                      

19 rows selected.

SQL> SELECT *
  2  FROM PLAN_DOCENTE
  3  ORDER BY FF DESC;

       DNI        CAS        CTA        CPA        CLA FI        FF                                                                                   
---------- ---------- ---------- ---------- ---------- --------- ---------                                                                            
      3333          2        1.5        1.5          3 01-SEP-08                                                                                      
      7777         12        4.5          3          0 01-SEP-10                                                                                      
      2020          3        1.5          0        1.5 01-SEP-08                                                                                      
      8888         11          6          0          0 01-SEP-09                                                                                      
      5555          6          3          3          0 31-MAR-10                                                                                      
      9999          7          3          3          0 01-SEP-10                                                                                      
      3333          9        1.5          0        1.5 01-SEP-09                                                                                      
      4444          1          3        1.5        1.5 01-SEP-11                                                                                      
      4444          5          3          0          0 01-SEP-10                                                                                      
      1111          8          3          0          0 01-SEP-09                                                                                      
      3030          8          0        1.5        1.5 01-SEP-09                                                                                      
      2222          4        1.5          0        1.5 01-SEP-09                                                                                      
      1010          9        1.5          0        1.5 01-SEP-09                                                                                      
      6666         10          3        1.5        1.5 01-SEP-08 31-AUG-11                                                                            
      4444          4        1.5          0        1.5 01-SEP-08 31-AUG-10                                                                            
      1111          8          3        1.5        1.5 01-SEP-07 31-AUG-09                                                                            
      1010          9          3          0          3 01-SEP-08 31-AUG-09                                                                            
      1010          2        1.5        1.5          3 01-SEP-05 31-AUG-08                                                                            
      2222          3        1.5          0        1.5 01-SEP-06 31-AUG-07                                                                            

19 rows selected.

SQL> SELECT DISTINCT(P)
  2  FROM PROFESOR NATURAL JOIN PLAN_DOCENTE
  3  WHERE
  4  
SQL> REM CONSULTA 11
SQL> COMMIT WORK
  2  ;

Commit complete.

SQL> SPOOL OFF
SQL> SPOOL OFF
SQL> SELECT DISTINCT(P)
  2  FROM PROFESOR NATURAL JOIN PLAN_DOCENTE
  3  WHERE CAS=8 AND
  4  
SQL> SELECT DISTINCT(P)
  2  FROM PROFESOR NATURAL JOIN PLAN_DOCENTE NATURAL JOIN ASIGNATURA
  3  WHERE CAS=8 AND T='GII';

P                                                                               
------------------------------------------------------------                    
JUAN                                                                            
JOSE MANUEL                                                                     

SQL> SELECT DISTINCT(P)
  2  FROM PROFESOR NATURAL JOIN AREA NATURAL JOIN DEPARTAMENTO
  3  WHERE D='MATEMATICA FUNDAMENTAL';

P                                                                               
------------------------------------------------------------                    
IVAN                                                                            

SQL> SELECT DISTINCT(P)
  2  FROM ASIGNATURA NATURAL JOIN PLAN_DOCENTE NATURAL JOIN PROFESOR
  3  WHERE
  4  
SQL> SELECT DISTINCT(A)
  2  FROM ASIGNATURA NATURAL JOIN PLAN_DOCENTE NATURAL JOIN PROFESOR
  3  WHERE
  4  SELECT DISTINCT(A)
  5  
SQL> SELECT DISTINCT(A)
  2  FROM ASIGNATURA NATURAL JOIN PLAN_DOCENTE
  3  WHERE DNI=1010;

A                                                                               
--------------------------------------------------                              
GESTION DE RIESGOS                                                              
INTELIGENCIA ARTIFICIAL                                                         

SQL> SELECT DISTINCT(A)
  2  FROM ASIGNATURA NATURAL JOIN PLAN_DOCENTE NATURAL JOIN PROFESOR
  3  WHERE P='DAVID'
  4  ;

A                                                                               
--------------------------------------------------                              
GESTION DE RIESGOS                                                              
INTELIGENCIA ARTIFICIAL                                                         

SQL> SELECT DISTINCT(AR)
  2  FROM AREA NATURAL JOIN DEPARTAMENTO
  3  WHERE D='ESTADISTICA, INVESTIGACION OPERATIVA Y COMPUTACION';

AR                                                                              
------------------------------------------------------------                    
CIENCIAS DE LA COMPUTACION E INTELIGENCIA ARTIFICIAL                            
ESTADISTICA E INVESTIGACION OPERATIVA                                           
LENGUAJES Y SISTEMAS INFORMATICOS                                               

SQL> SELECT DISTINCT(AR)
  2  FROM PROFESOR NATURAL JOIN PLAN_DOCENTE
  3  WHERE FF IS NULL;
SELECT DISTINCT(AR)
                *
ERROR at line 1:
ORA-00904: "AR": invalid identifier 


SQL> SELECT DISTINCT(AR)
  2  FROM PROFESOR NATURAL JOIN PLAN_DOCENTE NATURAL JOIN ASIGNATURA
  3  WHERE FF IS NULL;
SELECT DISTINCT(AR)
                *
ERROR at line 1:
ORA-00904: "AR": invalid identifier 


SQL> SELECT DISTINCT(A)
  2  FROM PROFESOR NATURAL JOIN PLAN_DOCENTE NATURAL JOIN ASIGNATURA
  3  WHERE FF IS NULL AND CAT='CU';

A                                                                               
--------------------------------------------------                              
OPTIMIZACION                                                                    
ALMACENES DE DATOS                                                              

SQL> SELECT DISTINCT(A)
  2  FROM PROFESOR NATURAL JOIN PLAN_DOCENTE NATURAL JOIN ASIGNATURA
  3  
SQL> SELECT DISTINCT(A)
  2  FROM PROFESOR NATURAL JOIN PLAN_DOCENTE NATURAL JOIN ASIGNATURA
  3  WHERE CAT='CU';

A                                                                               
--------------------------------------------------                              
OPTIMIZACION                                                                    
ALMACENES DE DATOS                                                              

SQL> SELECT DISTINCT(A)
  2  FROM PROFESOR NATURAL JOIN PLAN_DOCENTE NATURAL JOIN ASIGNATURA
  3  GROUP BY CAS HAVING ONLY CAT='CU';
GROUP BY CAS HAVING ONLY CAT='CU'
                         *
ERROR at line 3:
ORA-00920: invalid relational operator 


SQL> SELECT DISTINCT(A)
  2  FROM PROFESOR NATURAL JOIN PLAN_DOCENTE NATURAL JOIN ASIGNATURA
  3  GROUP BY CAS HAVING CAT='CU';
GROUP BY CAS HAVING CAT='CU'
                    *
ERROR at line 3:
ORA-00979: not a GROUP BY expression 


SQL> SELECT DISTINCT(A)
  2  FROM PROFESOR NATURAL JOIN PLAN_DOCENTE NATURAL JOIN ASIGNATURA
  3  GROUP BY CAS;
SELECT DISTINCT(A)
                *
ERROR at line 1:
ORA-00979: not a GROUP BY expression 


SQL> SELECT A
  2  FROM PROFESOR NATURAL JOIN PLAN_DOCENTE NATURAL JOIN ASIGNATURA
  3  GROUP BY CAS;
SELECT A
       *
ERROR at line 1:
ORA-00979: not a GROUP BY expression 


SQL> SELECT A
  2  FROM ASIGNATURA
  3  GROUP BY CAS;
SELECT A
       *
ERROR at line 1:
ORA-00979: not a GROUP BY expression 


SQL> SELECT A
  2  FROM PROFESOR NATURAL JOIN PLAN_DOCENTE NATURAL JOIN ASIGNATURA
  3  GROUP BY A AND AS;
GROUP BY A AND AS
           *
ERROR at line 3:
ORA-00933: SQL command not properly ended 


SQL> SELECT A
  2  FROM PROFESOR NATURAL JOIN PLAN_DOCENTE NATURAL JOIN ASIGNATURA
  3  GROUP BY A AND CAS;
GROUP BY A AND CAS
           *
ERROR at line 3:
ORA-00933: SQL command not properly ended 


SQL> SELECT A
  2  FROM PROFESOR NATURAL JOIN PLAN_DOCENTE NATURAL JOIN ASIGNATURA
  3  GROUP BY A, CAS;

A                                                                               
--------------------------------------------------                              
MINERIA DE DATOS                                                                
ALGEBRA                                                                         
CALCULO                                                                         
OPTIMIZACION                                                                    
INTELIGENCIA ARTIFICIAL                                                         
ASTRONOMIA                                                                      
GESTION DE RIESGOS                                                              
BASES DE DATOS                                                                  
ENSENANZA DE LA MATEMATICA                                                      
ANALISIS COMPLEJO                                                               
ALMACENES DE DATOS                                                              

A                                                                               
--------------------------------------------------                              
INFORMATICA BASICA                                                              

12 rows selected.

SQL> SELECT A
  2  FROM PROFESOR NATURAL JOIN PLAN_DOCENTE NATURAL JOIN ASIGNATURA
  3  GROUP BY A, CAT
  4  HAVING CAT='CU';

A                                                                               
--------------------------------------------------                              
OPTIMIZACION                                                                    
ALMACENES DE DATOS                                                              

SQL> SELECT A
  2  FROM PROFESOR NATURAL JOIN PLAN_DOCENTE NATURAL JOIN ASIGNATURA
  3  GROUP BY A, CAT
  4  HAVING CAT ONLY 'CU';
HAVING CAT ONLY 'CU'
           *
ERROR at line 4:
ORA-00920: invalid relational operator 


SQL> REM CONSULTA 17
SQL> SELECT A
  2  FROM AREA NATURAL JOIN ASIGNATURA
  3  WHERE
  4  
SQL> SELECT DISTINCT(A)
  2  FROM AREA NATURAL JOIN ASIGNATURA
  3  WHERE AR IS ('LENGUAJES Y SISTEMAS INFORMATICOS', 'CIENCIAS DE LA COMPUTACION E INTELIGENCIA ARTIFICIAL')
  4  ;
WHERE AR IS ('LENGUAJES Y SISTEMAS INFORMATICOS', 'CIENCIAS DE LA COMPUTACION E INTELIGENCIA ARTIFICIAL')
            *
ERROR at line 3:
ORA-00908: missing NULL keyword 


SQL> SELECT DISTINCT(A)
  2  FROM AREA NATURAL JOIN ASIGNATURA
  3  WHERE AR=('LENGUAJES Y SISTEMAS INFORMATICOS', 'CIENCIAS DE LA COMPUTACION E INTELIGENCIA ARTIFICIAL');
WHERE AR=('LENGUAJES Y SISTEMAS INFORMATICOS', 'CIENCIAS DE LA COMPUTACION E INTELIGENCIA ARTIFICIAL')
        *
ERROR at line 3:
ORA-01797: this operator must be followed by ANY or ALL 


SQL> WHERE AR ANY ('LENGUAJES Y SISTEMAS INFORMATICOS', 'CIENCIAS DE LA COMPUTACION E INTELIGENCIA ARTIFICIAL');
SP2-0734: unknown command beginning "WHERE AR A..." - rest of line ignored.
SQL> SELECT DISTINCT(A)
  2  FROM AREA NATURAL JOIN ASIGNATURA
  3  WHERE AR ANY ('LENGUAJES Y SISTEMAS INFORMATICOS', 'CIENCIAS DE LA COMPUTACION E INTELIGENCIA ARTIFICIAL');
WHERE AR ANY ('LENGUAJES Y SISTEMAS INFORMATICOS', 'CIENCIAS DE LA COMPUTACION E INTELIGENCIA ARTIFICIAL')
         *
ERROR at line 3:
ORA-00920: invalid relational operator 


SQL> SELECT DISTINCT(A)
  2  FROM AREA NATURAL JOIN ASIGNATURA
  3  WHERE AR IN ('LENGUAJES Y SISTEMAS INFORMATICOS', 'CIENCIAS DE LA COMPUTACION E INTELIGENCIA ARTIFICIAL');

A                                                                               
--------------------------------------------------                              
INFORMATICA BASICA                                                              
BASES DE DATOS                                                                  
GESTION DE RIESGOS                                                              
INTELIGENCIA ARTIFICIAL                                                         
MINERIA DE DATOS                                                                
ALMACENES DE DATOS                                                              

6 rows selected.

SQL> SELECT DISTINCT(P)
  2  FROM PROFESOR NATURAL JOIN PLAN_DOCENTE NATURAL JOIN ASIGNATURA
  3  WHERE FF IS NULL AND T IN ('GII', 'MII');

P                                                                               
------------------------------------------------------------                    
JUAN                                                                            
PEDRO                                                                           
SOLEDAD                                                                         
CARLOS                                                                          
IVAN                                                                            
DAVID                                                                           
MARIA                                                                           
JOSE MANUEL                                                                     
ANGELA                                                                          

9 rows selected.

SQL> SELECT DISTINCT(P)
  2  FROM PROFESOR NATURAL JOIN PLAN_DOCENTE NATURAL JOIN ASIGNATURA
  3  GROUP BY P
  4  HAVING
  5  
SQL> SELECT DISTINCT(P)
  2  FROM PROFESOR NATURAL JOIN PLAN_DOCENTE NATURAL JOIN ASIGNATURA
  3  WHERE FF IS NULL AND T='GII'
  4  INTERSECT
  5  SELECT DISTINCT(P)
  6  FROM PROFESOR NATURAL JOIN PLAN_DOCENTE NATURAL JOIN ASIGNATURA
  7  WHERE FF IS NULL AND T='MII';

no rows selected

SQL> (SELECT DISTINCT(P)
  2  FROM PROFESOR NATURAL JOIN PLAN_DOCENTE NATURAL JOIN ASIGNATURA
  3  WHERE FF IS NULL AND T='GII')
  4  INTERSECT
  5  (SELECT DISTINCT(P)
  6  FROM PROFESOR NATURAL JOIN PLAN_DOCENTE NATURAL JOIN ASIGNATURA
  7  WHERE FF IS NULL AND T='MII');

no rows selected

SQL> (SELECT DISTINCT(P)
  2  FROM PROFESOR NATURAL JOIN PLAN_DOCENTE NATURAL JOIN ASIGNATURA
  3  WHERE FF IS NULL AND T='GII');

P                                                                               
------------------------------------------------------------                    
JUAN                                                                            
PEDRO                                                                           
IVAN                                                                            
DAVID                                                                           
MARIA                                                                           
JOSE MANUEL                                                                     
ANGELA                                                                          

7 rows selected.

SQL> (SELECT DISTINCT(P)
  2  FROM PROFESOR NATURAL JOIN PLAN_DOCENTE NATURAL JOIN ASIGNATURA
  3  WHERE FF IS NULL AND T='GII')
  4  UNION
  5  (SELECT DISTINCT(P)
  6  FROM PROFESOR NATURAL JOIN PLAN_DOCENTE NATURAL JOIN ASIGNATURA
  7  WHERE FF IS NULL AND T='MII');

P                                                                               
------------------------------------------------------------                    
ANGELA                                                                          
CARLOS                                                                          
DAVID                                                                           
IVAN                                                                            
JOSE MANUEL                                                                     
JUAN                                                                            
MARIA                                                                           
PEDRO                                                                           
SOLEDAD                                                                         

9 rows selected.

SQL> (SELECT DISTINCT(P)
  2  FROM PROFESOR NATURAL JOIN PLAN_DOCENTE NATURAL JOIN ASIGNATURA
  3  WHERE FF IS NULL AND T='GII')
  4  NATURAL JOIN
  5  (SELECT DISTINCT(P)
  6  FROM PROFESOR NATURAL JOIN PLAN_DOCENTE NATURAL JOIN ASIGNATURA
  7  WHERE FF IS NULL AND T='MII');
NATURAL JOIN
*
ERROR at line 4:
ORA-00933: SQL command not properly ended 


SQL> REM EN,VERDAD,HACE,RATO,QUE,YA,ESTABA,BIEN,NO,ROWS,SELECTED
SQL> SELECT DISTINCT(P)
  2  FROM PROFESOR NATURAL JOIN PLAN_DOCENTE
  3  WHERE FF IS
  4  
SQL> SELECT DISTINCT(P)
  2  FROM PROFESOR
  3  MINUS
  4  SELECT DISTINCT(P)
  5  FROM PROFESOR NATURAL JOIN PLAN_DOCENTE
  6  WHERE FF IS NULL;

P                                                                               
------------------------------------------------------------                    
CARMEN                                                                          

SQL> SELECT DISTINCT(A)
  2  FROM ASIGNATURA
  3  WHERE T='GII';

A                                                                               
--------------------------------------------------                              
ALGEBRA                                                                         
BASES DE DATOS                                                                  
INFORMATICA BASICA                                                              
OPTIMIZACION                                                                    
CALCULO                                                                         
GESTION DE RIESGOS                                                              
INTELIGENCIA ARTIFICIAL                                                         

7 rows selected.

SQL> SELECT AR, A
  2  FROM ASIGNATURA NATURAL JOIN AREA
  3  ;

AR                                                                              
------------------------------------------------------------                    
A                                                                               
--------------------------------------------------                              
ALGEBRA                                                                         
ALGEBRA                                                                         
                                                                                
ANALISIS MATEMATICO                                                             
ANALISIS COMPLEJO                                                               
                                                                                
ASTRONOMIA Y ASTROFISICA                                                        
ASTRONOMIA                                                                      
                                                                                

AR                                                                              
------------------------------------------------------------                    
A                                                                               
--------------------------------------------------                              
CIENCIAS DE LA COMPUTACION E INTELIGENCIA ARTIFICIAL                            
GESTION DE RIESGOS                                                              
                                                                                
CIENCIAS DE LA COMPUTACION E INTELIGENCIA ARTIFICIAL                            
INTELIGENCIA ARTIFICIAL                                                         
                                                                                
DIDACTICA DE LA MATEMATICA                                                      
ENSENANZA DE LA MATEMATICA                                                      
                                                                                

AR                                                                              
------------------------------------------------------------                    
A                                                                               
--------------------------------------------------                              
ESTADISTICA E INVESTIGACION OPERATIVA                                           
OPTIMIZACION                                                                    
                                                                                
LENGUAJES Y SISTEMAS INFORMATICOS                                               
INFORMATICA BASICA                                                              
                                                                                
LENGUAJES Y SISTEMAS INFORMATICOS                                               
MINERIA DE DATOS                                                                
                                                                                

AR                                                                              
------------------------------------------------------------                    
A                                                                               
--------------------------------------------------                              
LENGUAJES Y SISTEMAS INFORMATICOS                                               
ALMACENES DE DATOS                                                              
                                                                                
LENGUAJES Y SISTEMAS INFORMATICOS                                               
BASES DE DATOS                                                                  
                                                                                
MATEMATICA APLICADA                                                             
CALCULO                                                                         
                                                                                

12 rows selected.

SQL> SELECT DISTINCT(AR, A)
  2  FROM ASIGNATURA NATURAL JOIN AREA;
SELECT DISTINCT(AR, A)
                  *
ERROR at line 1:
ORA-00907: missing right parenthesis 


SQL> SELECT DISTINCT(AR), A
  2  FROM ASIGNATURA NATURAL JOIN AREA;

AR                                                                              
------------------------------------------------------------                    
A                                                                               
--------------------------------------------------                              
LENGUAJES Y SISTEMAS INFORMATICOS                                               
BASES DE DATOS                                                                  
                                                                                
MATEMATICA APLICADA                                                             
CALCULO                                                                         
                                                                                
CIENCIAS DE LA COMPUTACION E INTELIGENCIA ARTIFICIAL                            
GESTION DE RIESGOS                                                              
                                                                                

AR                                                                              
------------------------------------------------------------                    
A                                                                               
--------------------------------------------------                              
ALGEBRA                                                                         
ALGEBRA                                                                         
                                                                                
CIENCIAS DE LA COMPUTACION E INTELIGENCIA ARTIFICIAL                            
INTELIGENCIA ARTIFICIAL                                                         
                                                                                
ESTADISTICA E INVESTIGACION OPERATIVA                                           
OPTIMIZACION                                                                    
                                                                                

AR                                                                              
------------------------------------------------------------                    
A                                                                               
--------------------------------------------------                              
LENGUAJES Y SISTEMAS INFORMATICOS                                               
MINERIA DE DATOS                                                                
                                                                                
LENGUAJES Y SISTEMAS INFORMATICOS                                               
ALMACENES DE DATOS                                                              
                                                                                
ANALISIS MATEMATICO                                                             
ANALISIS COMPLEJO                                                               
                                                                                

AR                                                                              
------------------------------------------------------------                    
A                                                                               
--------------------------------------------------                              
DIDACTICA DE LA MATEMATICA                                                      
ENSENANZA DE LA MATEMATICA                                                      
                                                                                
LENGUAJES Y SISTEMAS INFORMATICOS                                               
INFORMATICA BASICA                                                              
                                                                                
ASTRONOMIA Y ASTROFISICA                                                        
ASTRONOMIA                                                                      
                                                                                

12 rows selected.

SQL> SELECT DISTINCT(AR), A
  2  
SQL> 
SQL> SELECT DISTINCT(D), AR
  2  FROM DEPARTAMENTO NATURAL JOIN AREA;

D                                                                               
------------------------------------------------------------                    
AR                                                                              
------------------------------------------------------------                    
ESTADISTICA, INVESTIGACION OPERATIVA Y COMPUTACION                              
LENGUAJES Y SISTEMAS INFORMATICOS                                               
                                                                                
ESTADISTICA, INVESTIGACION OPERATIVA Y COMPUTACION                              
ESTADISTICA E INVESTIGACION OPERATIVA                                           
                                                                                
ANALISIS MATEMTICO                                                              
MATEMATICA APLICADA                                                             
                                                                                

D                                                                               
------------------------------------------------------------                    
AR                                                                              
------------------------------------------------------------                    
ASTROFISICA                                                                     
ASTRONOMIA Y ASTROFISICA                                                        
                                                                                
MATEMATICA FUNDAMENTAL                                                          
ALGEBRA                                                                         
                                                                                
ANALISIS MATEMTICO                                                              
DIDACTICA DE LA MATEMATICA                                                      
                                                                                

D                                                                               
------------------------------------------------------------                    
AR                                                                              
------------------------------------------------------------                    
ANALISIS MATEMTICO                                                              
ANALISIS MATEMATICO                                                             
                                                                                
ESTADISTICA, INVESTIGACION OPERATIVA Y COMPUTACION                              
CIENCIAS DE LA COMPUTACION E INTELIGENCIA ARTIFICIAL                            
                                                                                

8 rows selected.

SQL> SELECT DISTINCT(D), AR
  2  FROM DEPARTAMENTO NATURAL JOIN AREA
  3  ORDER BY D, AR;

D                                                                               
------------------------------------------------------------                    
AR                                                                              
------------------------------------------------------------                    
ANALISIS MATEMTICO                                                              
ANALISIS MATEMATICO                                                             
                                                                                
ANALISIS MATEMTICO                                                              
DIDACTICA DE LA MATEMATICA                                                      
                                                                                
ANALISIS MATEMTICO                                                              
MATEMATICA APLICADA                                                             
                                                                                

D                                                                               
------------------------------------------------------------                    
AR                                                                              
------------------------------------------------------------                    
ASTROFISICA                                                                     
ASTRONOMIA Y ASTROFISICA                                                        
                                                                                
ESTADISTICA, INVESTIGACION OPERATIVA Y COMPUTACION                              
CIENCIAS DE LA COMPUTACION E INTELIGENCIA ARTIFICIAL                            
                                                                                
ESTADISTICA, INVESTIGACION OPERATIVA Y COMPUTACION                              
ESTADISTICA E INVESTIGACION OPERATIVA                                           
                                                                                

D                                                                               
------------------------------------------------------------                    
AR                                                                              
------------------------------------------------------------                    
ESTADISTICA, INVESTIGACION OPERATIVA Y COMPUTACION                              
LENGUAJES Y SISTEMAS INFORMATICOS                                               
                                                                                
MATEMATICA FUNDAMENTAL                                                          
ALGEBRA                                                                         
                                                                                

8 rows selected.

SQL> SELECT *
  2  FROM DEPARTAMENTO;

        CD D                                                                    
---------- ------------------------------------------------------------         
         1 ANALISIS MATEMTICO                                                   
         2 ASTROFISICA                                                          
         3 ESTADISTICA, INVESTIGACION OPERATIVA Y COMPUTACION                   
         4 MATEMATICA FUNDAMENTAL                                               

SQL> SELECT DISTINCT(D), P
  2  FROM DEPARTAMENTO NATURAL JOIN AREA NATURAL JOIN PROFESOR
  3  ORDER BY D, P;

D                                                                               
------------------------------------------------------------                    
P                                                                               
------------------------------------------------------------                    
ANALISIS MATEMTICO                                                              
ANGELA                                                                          
                                                                                
ANALISIS MATEMTICO                                                              
FRANCISCO                                                                       
                                                                                
ANALISIS MATEMTICO                                                              
MARIO                                                                           
                                                                                

D                                                                               
------------------------------------------------------------                    
P                                                                               
------------------------------------------------------------                    
ASTROFISICA                                                                     
CARMEN                                                                          
                                                                                
ESTADISTICA, INVESTIGACION OPERATIVA Y COMPUTACION                              
CARLOS                                                                          
                                                                                
ESTADISTICA, INVESTIGACION OPERATIVA Y COMPUTACION                              
DAVID                                                                           
                                                                                

D                                                                               
------------------------------------------------------------                    
P                                                                               
------------------------------------------------------------                    
ESTADISTICA, INVESTIGACION OPERATIVA Y COMPUTACION                              
JOSE MANUEL                                                                     
                                                                                
ESTADISTICA, INVESTIGACION OPERATIVA Y COMPUTACION                              
JUAN                                                                            
                                                                                
ESTADISTICA, INVESTIGACION OPERATIVA Y COMPUTACION                              
MARIA                                                                           
                                                                                

D                                                                               
------------------------------------------------------------                    
P                                                                               
------------------------------------------------------------                    
ESTADISTICA, INVESTIGACION OPERATIVA Y COMPUTACION                              
PEDRO                                                                           
                                                                                
ESTADISTICA, INVESTIGACION OPERATIVA Y COMPUTACION                              
SOLEDAD                                                                         
                                                                                
MATEMATICA FUNDAMENTAL                                                          
IVAN                                                                            
                                                                                

12 rows selected.

SQL> EXIT
