SQL> HOST ls

SQL> INSERT INTO PROFESOR
  2  VALUE(4040, 'CARMELO', 7, 'TU');
VALUE(4040, 'CARMELO', 7, 'TU')
      *
ERROR at line 2:
ORA-00928: missing SELECT keyword 


SQL> INSERT INTO PROFESOR
  2  VALUE 4040, 'CARMELO', 7, 'TU';
VALUE 4040, 'CARMELO', 7, 'TU'
      *
ERROR at line 2:
ORA-00926: missing VALUES keyword 


SQL> INSERT INTO PROFESOR
  2  VALUE(4040, 'CARMELO', 7, TU);
VALUE(4040, 'CARMELO', 7, TU)
      *
ERROR at line 2:
ORA-00928: missing SELECT keyword 


SQL> INSERT INTO PROFESOR
  2  VALUES(4040, 'CARMELO', 7, 'TU');

1 row created.

SQL> SELECT *
  2  FROM PROFESOR;

       DNI P                      CAR CAT                                                                                                             
---------- --------------- ---------- -----                                                                                                           
      4040 CARMELO                  7 TU                                                                                                              
      1111 JUAN                     6 CU                                                                                                              
      2222 CARLOS                   7 TU                                                                                                              
      3333 PEDRO                    4 TEU                                                                                                             
      4444 MARIA                    7 TU                                                                                                              
      5555 IVAN                     1 CEU                                                                                                             
      6666 CARMEN                   3 CD                                                                                                              
      7777 MARIO                    2 TU                                                                                                              
      8888 FRANCISCO                5 TU                                                                                                              
      9999 ANGELA                   8 TEU                                                                                                             
      1010 DAVID                    4 TU                                                                                                              
      2020 SOLEDAD                  7 CU                                                                                                              
      3030 JOSE MANUEL              6 TEU                                                                                                             

13 rows selected.

SQL> SAVEPOINT ACUERDATEP6
  2  ;

Savepoint created.

SQL> ROLLBACK
  2  ;

Rollback complete.

SQL> SELECT *
  2  SAVEPOINT ACUERDATEP6
  3  
SQL> SELECT *
  2  FROM PROFESOR;

       DNI P                      CAR CAT                                                                                                             
---------- --------------- ---------- -----                                                                                                           
      1111 JUAN                     6 CU                                                                                                              
      2222 CARLOS                   7 TU                                                                                                              
      3333 PEDRO                    4 TEU                                                                                                             
      4444 MARIA                    7 TU                                                                                                              
      5555 IVAN                     1 CEU                                                                                                             
      6666 CARMEN                   3 CD                                                                                                              
      7777 MARIO                    2 TU                                                                                                              
      8888 FRANCISCO                5 TU                                                                                                              
      9999 ANGELA                   8 TEU                                                                                                             
      1010 DAVID                    4 TU                                                                                                              
      2020 SOLEDAD                  7 CU                                                                                                              
      3030 JOSE MANUEL              6 TEU                                                                                                             

12 rows selected.

SQL> ROLLBACK WORK ACUERDATEP6
  2  ;
ROLLBACK WORK ACUERDATEP6
              *
ERROR at line 1:
ORA-02181: invalid option to ROLLBACK WORK 


SQL> SELECT SYSDATE
  2  FROM DUAL;

SYSDATE                                                                                                                                               
---------                                                                                                                                             
29-NOV-18                                                                                                                                             

SQL> HOST ls

SQL> SPOOL OFF
